[
  {
    "WavelengthValue": 232.836
  },
  {
    "WavelengthValue": 297.29794
  },
  {
    "WavelengthValue": 360.77905
  },
  {
    "WavelengthValue": 423.1899
  },
  {
    "WavelengthValue": 484.44208
  },
  {
    "WavelengthValue": 544.4531
  },
  {
    "WavelengthValue": 603.1451
  }
]
