{"id":1,"command":"icl_binMode","parameters":{"mode":"all"}}
