{
  "productId": 0,
  "deviceType": "HORIBA Scientific iHR",
  "serialNumber": "1745B-2017-iHR320]"
}
