{
  "productId": 13,
  "deviceType": "HORIBA Scientific Syncerity",
  "serialNumber": "Camera SN:  2244"
}
